# frozen_string_literal: true

require 'module'

using PythonPrintEx
using PythonStringCountEx

db = SQLAlchemy()
class Parent < ApplicationRecord
  #id = Column(Integer, primary_key: true)
  #child_id = Column(Integer, ForeignKey("child_table.id"))
  has_many :children #
end
class Child < ApplicationRecord
  #id = Column(Integer, primary_key: true)
end
